EFFECTIVE RANK STATISTICS
 Mean = 1.3
 Standard Deviation = 0.86
 Lowest 10Percentile = 3.0

CREDIT SATISFACTION RATIO STATISTICS
 Mean = 0.54
 Standard Deviation = 0.22
 Lowestn10Percentile = 0.27