Course Name, Preferences
CS1000$inside,CS13B001,CS13B002,CS13B003
CS1000$outside,CS13B001,CS13B002,CS13B003
CS2000$inside,CS13B003,CS13B001,CS13B002
CS2000$outside,CS13B003,CS13B001,CS13B002
CS3000$inside,CS13B001,CS13B002,CS13B003
CS3000$outside,CS13B001,CS13B002,CS13B003
