Student1 Roll No,Student1 Allotted Course,Student2 Roll No,Student2 Allotted Course,
CS13B001,CS1000$inside,CS13B003,CS2000$inside
