Course ID, Total Capacity, Allotted Capacity, Students Allotted
CS1000$inside,1,1,CS13B001
CS1000$outside,0,0
CS2000$inside,1,1,CS13B003
CS2000$outside,0,0
CS3000$inside,1,1,CS13B002
CS3000$outside,0,0
