Student Roll Number, Electives Allotted 
CS13B001,CS1000$inside
CS13B002,CS3000$inside
CS13B003,CS2000$inside
