Student Roll No,EffectiveAverageRank,creditSatisfactionRatio
CS13B000,0.75,0.52
CS13B001,1.0,0.53
CS13B002,0.75,0.48
CS13B003,0.75,0.45
CS13B004,0.75,0.47
