Student Roll No,EffectiveAverageRank,creditSatisfactionRatio
CS13B001,0.75,1.0
CS13B002,1.0,0.67
