Student Roll No,EffectiveAverageRank,creditSatisfactionRatio
CS13B000,1.0,0.93
CS13B001,1.0,0.53
CS13B002,0.75,0.48
CS13B003,3.0,0.27
CS13B004,0.75,0.47
