Course ID,Number of Rejections,Number of FirstPreference Rejections,Course Capacity,Number of Rejections / Capacity,Number of FirstPreference Rejections / Capacity
CS1000$inside,2,2,1,2.0,2.0
CS1000$outside,2,0,0,0.0,0.0
CS2000$inside,2,1,1,2.0,1.0
CS2000$outside,2,0,0,0.0,0.0
CS3000$inside,0,0,1,0.0,0.0
CS3000$outside,0,0,0,0.0,0.0
