Student Roll Number, Electives Allotted 
CS13B001,CS1000,CS3000
CS13B002,CS2000
