Student Roll Number, Course ID 
CS13B001,CS1000
CS13B001,CS3000
CS13B002,CS2000
