EFFECTIVE RANK STATISTICS
 Mean = 0.875
 Standard Deviation = 0.125
 Lowest 10Percentile = 1.0

CREDIT SATISFACTION RATIO STATISTICS
 Mean = 0.8333333333333333
 Standard Deviation = 0.16666666666666669
 Lowestn10Percentile = 0.6666666666666666