EFFECTIVE RANK STATISTICS
 Mean = 0.8
 Standard Deviation = 0.1
 Lowest 10Percentile = 1.0

CREDIT SATISFACTION RATIO STATISTICS
 Mean = 0.49
 Standard Deviation = 0.03
 Lowestn10Percentile = 0.45