Student Roll Number, Preference with zero capacity
CS13B000,CS1003$outside
CS13B000,CS1000$outside
CS13B000,CS1002$outside
CS13B000,CS1001$outside
CS13B001,CS1001$outside
CS13B001,CS1000$outside
CS13B001,CS1003$outside
CS13B002,CS1003$outside
CS13B002,CS1002$outside
CS13B002,CS1000$outside
CS13B003,CS1003$outside
CS13B003,CS1000$outside
CS13B003,CS1002$outside
CS13B004,CS1003$outside
CS13B004,CS1000$outside
CS13B004,CS1002$outside
