Student Roll Number, Preference with zero capacity
CS13B001,CS1000$outside
CS13B001,CS2000$outside
CS13B001,CS3000$outside
CS13B002,CS2000$outside
CS13B002,CS3000$outside
CS13B002,CS1000$outside
