EFFECTIVE RANK STATISTICS
 Mean = 2.33
 Standard Deviation = 0.47
 Lowest 10Percentile = 3.0

CREDIT SATISFACTION RATIO STATISTICS
 Mean = 1.0
 Standard Deviation = 0.0
 Lowest 10Percentile = 1.0