Student Roll No,EffectiveAverageRank,creditSatisfactionRatio
CS13B001,2.0,1.0
CS13B002,3.0,1.0
CS13B003,2.0,1.0
