EFFECTIVE RANK STATISTICS
 Mean = 1.15
 Standard Deviation = 0.43588989435406733
 Lowest 10Percentile = 2.0

CREDIT SATISFACTION RATIO STATISTICS
 Mean = 0.48026740198556916
 Standard Deviation = 0.25725075401907094
 Lowestn10Percentile = 0.18181818181818182