Student Roll Number, Course ID 
CS13B000,EE1003
CS13B000,EE1001
CS13B001,EE1001
CS13B002,EE1003
CS13B003,EE1000
CS13B004,EE1003
CS13B004,EE1000
