Student Roll No,EffectiveAverageRank,creditSatisfactionRatio
CS13B000,1.0,0.9310344827586207
CS13B001,1.0,0.5294117647058824
CS13B002,1.0,0.2903225806451613
CS13B003,2.0,0.18181818181818182
CS13B004,0.75,0.46875
