Course ID, Total Capacity, Allotted Capacity, Students Allotted
EE1000$inside,3,0
EE1000$outside,2,2,CS13B003,CS13B004
EE1001$inside,2,0
EE1001$outside,3,2,CS13B000,CS13B001
EE1002$inside,2,0
EE1002$outside,3,0
EE1003$inside,2,0
EE1003$outside,3,3,CS13B000,CS13B002,CS13B004
