Student Roll Number, Preference with zero capacity
