Student Roll Number, Electives Allotted 
CS13B000,CS1003,CS1000
CS13B001,CS1001
CS13B002,CS1003,CS1000
CS13B003,CS1003,CS1000
CS13B004,CS1003,CS1000
